attachment	a 1000-byte file with a thumbnail	blob_id
attachment	a 1000-byte file with a thumbnail	open
attachment	a 1000-byte file with a thumbnail	stored
attachment	a 1000-byte file with a thumbnail	thumb
attachment	a 1000-byte file with a thumbnail	thumb_open
attachment	a 300-byte file	blob_id
attachment	a 300-byte file	open
attachment	a 300-byte file	stored
attachment	empty file	blob_id
attachment	empty file	open
attachment	empty file	stored
attachment	one byte	blob_id
attachment	one byte	open
attachment	one byte	stored
envelope	delete tombstone	cbor
envelope	delete tombstone	commitment
envelope	delete tombstone	length
envelope	image message with a thumbnail and a name	cbor
envelope	image message with a thumbnail and a name	commitment
envelope	image message with a thumbnail and a name	length
envelope	message with a sender-generated link preview	cbor
envelope	message with a sender-generated link preview	commitment
envelope	message with a sender-generated link preview	length
envelope	reaction add in a thread	cbor
envelope	reaction add in a thread	commitment
envelope	reaction add in a thread	length
envelope	text message with a reply and one attachment	cbor
envelope	text message with a reply and one attachment	commitment
envelope	text message with a reply and one attachment	length
frames	commit_ack	frame
frames	error	frame
frames	heartbeat	frame
frames	heartbeat_ack	frame
frames	hello	frame
frames	identify	frame
frames	interaction	frame
frames	invalid_session	frame
frames	message.ct	frame
frames	message.deleted	frame
frames	message.plain	frame
frames	mls.commit_needed	frame
frames	mls.epoch_changed	frame
frames	mls.handshake	frame
frames	mls.handshake from the instance	frame
frames	mls.welcome	frame
frames	presence	frame
frames	ready	frame
frames	reconnect	frame
frames	resume	frame
frames	resumed	frame
frames	subscribe	frame
frames	typing	frame
frames	unsubscribe	frame
frames	voice_state	frame
franking	case 0	tag
franking	case 1	tag
franking	case 2	tag
franking	envelope_cbor	commitment
identity	credential_identity	cbor
identity	credential_identity	sig_ssk_dev
identity	credential_identity	sig_umk_ssk
identity	recovery_key	base32
identity	recovery_key	k_backup
identity	recovery_key	k_header
identity	safety_number	digits
identity	sas	digits
rejects	attachment reject: blob_id does not match	open
rejects	attachment reject: sealed under the thumbnail AAD	open
rejects	attachment reject: size disagrees	open
rejects	attachment reject: tag bit flipped	open
rejects	attachment reject: thumbnail sealed under the file's own nonce	open
rejects	attachment reject: truncated below the tag	open
rejects	authenticated_data not 32 bytes	verify_commitment
rejects	envelope body over 4000 bytes	validate
rejects	envelope reject: a reaction carrying an attachment	decode
rejects	envelope reject: an attachment name one byte over 255	decode
rejects	envelope reject: an attachment of eight elements	decode
rejects	envelope reject: an edit with no reply_to	decode
rejects	envelope reject: delete tombstone with a non-empty body	decode
rejects	envelope reject: five attachments	decode
rejects	envelope reject: mime one byte over 255	decode
rejects	envelope reject: preview description one byte over 1024	decode
rejects	envelope reject: preview image one byte over 16384	decode
rejects	envelope reject: preview title one byte over 256	decode
rejects	envelope reject: preview url one byte over 2048	decode
rejects	envelope reject: three previews	decode
rejects	envelope reject: thumb one byte over 8192	decode
rejects	envelope trailing bytes	decode
rejects	envelope unknown type	decode
rejects	envelope wrong element count	decode
rejects	float16 (f93c00)	cbor
rejects	float64 (fb3ff0000000000000)	cbor
rejects	indefinite array (9f01ff)	cbor
rejects	indefinite bstr (5f41014102ff)	cbor
rejects	indefinite map (bf0101ff)	cbor
rejects	indefinite text (7f6161ff)	cbor
rejects	invalid utf-8 (6263c3)	cbor
rejects	map (a0)	cbor
rejects	map (a10102)	cbor
rejects	negative (20)	cbor
rejects	non-minimal length (5800)	cbor
rejects	non-minimal length (7800)	cbor
rejects	non-minimal length (9800)	cbor
rejects	non-minimal length (990003010203)	cbor
rejects	non-minimal null (f816)	cbor
rejects	non-minimal uint (1801)	cbor
rejects	non-minimal uint (1817)	cbor
rejects	non-minimal uint (190017)	cbor
rejects	non-minimal uint (1900ff)	cbor
rejects	non-minimal uint (1a00000017)	cbor
rejects	non-minimal uint (1b0000000000000017)	cbor
rejects	reaction body over 32 bytes	validate
rejects	reserved ai (1c)	cbor
rejects	reserved ai (1d)	cbor
rejects	reserved ai (1e)	cbor
rejects	sframe reject: first ciphertext bit flipped	open
rejects	sframe reject: h264 first vcl nal of type 19	open
rejects	sframe reject: h264 first vcl nal of type 2	open
rejects	sframe reject: h264 first vcl nal of type 20	open
rejects	sframe reject: h264 first vcl nal of type 21	open
rejects	sframe reject: h264 first vcl nal of type 3	open
rejects	sframe reject: h264 first vcl nal of type 4	open
rejects	sframe reject: h264 nal of type 0	open
rejects	sframe reject: h264 nal of type 24	open
rejects	sframe reject: h264 nal of type 31	open
rejects	sframe reject: h264 pic_parameter_set_id 256	open
rejects	sframe reject: h264 slice header ending inside pic_parameter_set_id	open
rejects	sframe reject: h264 sps and pps with no slice	open
rejects	sframe reject: h264 with bytes before the first start code	open
rejects	sframe reject: h264 with no start code	open
rejects	sframe reject: header ctr byte changed	open
rejects	sframe reject: non-canonical kid 2^24	decode
rejects	sframe reject: non-canonical kid 2^64 - 1	decode
rejects	sframe reject: non-canonical kid: leaf 1 epoch 41 with bit 24 set	decode
rejects	sframe reject: non-minimal ctr 0	decode
rejects	sframe reject: non-minimal ctr 7	decode
rejects	sframe reject: non-minimal ctr 8 in eight bytes	decode
rejects	sframe reject: non-minimal ctr with a leading zero byte	decode
rejects	sframe reject: non-minimal kid 0 in eight bytes	decode
rejects	sframe reject: non-minimal kid 5	decode
rejects	sframe reject: non-minimal kid 7	decode
rejects	sframe reject: non-minimal kid with a leading zero byte	decode
rejects	sframe reject: non-minimal kid: leaf 1 epoch 41 in three bytes	decode
rejects	sframe reject: opus frame sealed under a non-canonical kid	open
rejects	sframe reject: prefix byte changed	open
rejects	sframe reject: tag bit flipped	open
rejects	sframe reject: tag truncated to 15 bytes	open
rejects	sframe reject: truncated header: ctr one byte short	decode
rejects	sframe reject: truncated header: empty	decode
rejects	sframe reject: truncated header: extended kid and ctr missing	decode
rejects	sframe reject: truncated header: extended kid missing	decode
rejects	sframe reject: vp8 key frame shorter than 10 bytes	open
rejects	sframe sender reject: h264 sps a libwebrtc receiver would rewrite	encrypt
rejects	sframe sender reject: h264 with no slice	encrypt
rejects	sframe sender reject: h264 with only an AUD and filler	encrypt
rejects	sframe sender reject: layer 16	encrypt
rejects	sframe sender reject: reserved slot 4	encrypt
rejects	sframe sender reject: sequence number 2^52	encrypt
rejects	sframe sender reject: vp8 key frame shorter than 10 bytes	encrypt
rejects	tag (c001)	cbor
rejects	tag (c11a514b67b0)	cbor
rejects	tag (d8ff01)	cbor
rejects	trailing bytes (0101)	cbor
rejects	trailing bytes (01a0)	cbor
rejects	trailing bytes (83010203ff)	cbor
rejects	trailing bytes (83010203ffffffff)	cbor
rejects	truncated bstr (5820)	cbor
rejects	undefined (f7)	cbor
sframe	c1 kid 0 ctr 0	decode
sframe	c1 kid 0 ctr 0	header
sframe	c1 kid 0 ctr 1	decode
sframe	c1 kid 0 ctr 1	header
sframe	c1 kid 0 ctr 1099511627775	decode
sframe	c1 kid 0 ctr 1099511627775	header
sframe	c1 kid 0 ctr 1099511627776	decode
sframe	c1 kid 0 ctr 1099511627776	header
sframe	c1 kid 0 ctr 16777215	decode
sframe	c1 kid 0 ctr 16777215	header
sframe	c1 kid 0 ctr 16777216	decode
sframe	c1 kid 0 ctr 16777216	header
sframe	c1 kid 0 ctr 18446744073709551615	decode
sframe	c1 kid 0 ctr 18446744073709551615	header
sframe	c1 kid 0 ctr 255	decode
sframe	c1 kid 0 ctr 255	header
sframe	c1 kid 0 ctr 256	decode
sframe	c1 kid 0 ctr 256	header
sframe	c1 kid 0 ctr 281474976710655	decode
sframe	c1 kid 0 ctr 281474976710655	header
sframe	c1 kid 0 ctr 281474976710656	decode
sframe	c1 kid 0 ctr 281474976710656	header
sframe	c1 kid 0 ctr 4294967295	decode
sframe	c1 kid 0 ctr 4294967295	header
sframe	c1 kid 0 ctr 4294967296	decode
sframe	c1 kid 0 ctr 4294967296	header
sframe	c1 kid 0 ctr 65535	decode
sframe	c1 kid 0 ctr 65535	header
sframe	c1 kid 0 ctr 65536	decode
sframe	c1 kid 0 ctr 65536	header
sframe	c1 kid 0 ctr 72057594037927935	decode
sframe	c1 kid 0 ctr 72057594037927935	header
sframe	c1 kid 0 ctr 72057594037927936	decode
sframe	c1 kid 0 ctr 72057594037927936	header
sframe	c1 kid 1 ctr 0	decode
sframe	c1 kid 1 ctr 0	header
sframe	c1 kid 1099511627775 ctr 0	decode
sframe	c1 kid 1099511627775 ctr 0	header
sframe	c1 kid 1099511627776 ctr 0	decode
sframe	c1 kid 1099511627776 ctr 0	header
sframe	c1 kid 16777215 ctr 0	decode
sframe	c1 kid 16777215 ctr 0	header
sframe	c1 kid 16777216 ctr 0	decode
sframe	c1 kid 16777216 ctr 0	header
sframe	c1 kid 18446744073709551615 ctr 0	decode
sframe	c1 kid 18446744073709551615 ctr 0	header
sframe	c1 kid 18446744073709551615 ctr 18446744073709551615	decode
sframe	c1 kid 18446744073709551615 ctr 18446744073709551615	header
sframe	c1 kid 255 ctr 0	decode
sframe	c1 kid 255 ctr 0	header
sframe	c1 kid 256 ctr 0	decode
sframe	c1 kid 256 ctr 0	header
sframe	c1 kid 281474976710655 ctr 0	decode
sframe	c1 kid 281474976710655 ctr 0	header
sframe	c1 kid 281474976710656 ctr 0	decode
sframe	c1 kid 281474976710656 ctr 0	header
sframe	c1 kid 4294967295 ctr 0	decode
sframe	c1 kid 4294967295 ctr 0	header
sframe	c1 kid 4294967296 ctr 0	decode
sframe	c1 kid 4294967296 ctr 0	header
sframe	c1 kid 65535 ctr 0	decode
sframe	c1 kid 65535 ctr 0	header
sframe	c1 kid 65536 ctr 0	decode
sframe	c1 kid 65536 ctr 0	header
sframe	c1 kid 72057594037927935 ctr 0	decode
sframe	c1 kid 72057594037927935 ctr 0	header
sframe	c1 kid 72057594037927936 ctr 0	decode
sframe	c1 kid 72057594037927936 ctr 0	header
sframe	c3	frame
sframe	c3	key
sframe	c3	nonce
sframe	c3	open
sframe	c3	salt
sframe	escape 0 seed 0	out
sframe	escape 0 seed 0	roundtrip
sframe	escape 1 seed 0	out
sframe	escape 1 seed 0	roundtrip
sframe	escape 2 seed 0	out
sframe	escape 2 seed 0	roundtrip
sframe	escape 3 seed 1	out
sframe	escape 3 seed 1	roundtrip
sframe	escape 4 seed 1	out
sframe	escape 4 seed 1	roundtrip
sframe	escape 5 seed 2	out
sframe	escape 5 seed 2	roundtrip
sframe	escape 6 seed 2	out
sframe	escape 6 seed 2	roundtrip
sframe	escape 7 seed 0	out
sframe	escape 7 seed 0	roundtrip
sframe	frame h264 access unit delimiter and filler before the first slice	frame
sframe	frame h264 access unit delimiter and filler before the first slice	open
sframe	frame h264 access unit delimiter and filler before the first slice	prefix_len
sframe	frame h264 idr alone	frame
sframe	frame h264 idr alone	open
sframe	frame h264 idr alone	prefix_len
sframe	frame h264 idr in two slices	frame
sframe	frame h264 idr in two slices	open
sframe	frame h264 idr in two slices	prefix_len
sframe	frame h264 prefix ending in one zero byte	frame
sframe	frame h264 prefix ending in one zero byte	open
sframe	frame h264 prefix ending in one zero byte	prefix_len
sframe	frame h264 sealed tail ending in a zero byte	frame
sframe	frame h264 sealed tail ending in a zero byte	open
sframe	frame h264 sealed tail ending in a zero byte	prefix_len
sframe	frame h264 sps pps idr escaped	frame
sframe	frame h264 sps pps idr escaped	open
sframe	frame h264 sps pps idr escaped	prefix_len
sframe	frame h264 three-byte start codes, leading garbage, trailing zeros	frame
sframe	frame h264 three-byte start codes, leading garbage, trailing zeros	open
sframe	frame h264 three-byte start codes, leading garbage, trailing zeros	prefix_len
sframe	frame opus mic	frame
sframe	frame opus mic	open
sframe	frame opus mic	prefix_len
sframe	frame vp8 delta camera	frame
sframe	frame vp8 delta camera	open
sframe	frame vp8 delta camera	prefix_len
sframe	frame vp8 key 640x480 layer 2	frame
sframe	frame vp8 key 640x480 layer 2	open
sframe	frame vp8 key 640x480 layer 2	prefix_len
sframe	leaf 0 epoch 41	ctr
sframe	leaf 0 epoch 41	header
sframe	leaf 0 epoch 41	key
sframe	leaf 0 epoch 41	kid
sframe	leaf 0 epoch 41	nonce
sframe	leaf 0 epoch 41	salt
sframe	leaf 3 epoch 297	ctr
sframe	leaf 3 epoch 297	header
sframe	leaf 3 epoch 297	key
sframe	leaf 3 epoch 297	kid
sframe	leaf 3 epoch 297	nonce
sframe	leaf 3 epoch 297	salt
sframe	leaf 3 epoch 41	ctr
sframe	leaf 3 epoch 41	header
sframe	leaf 3 epoch 41	key
sframe	leaf 3 epoch 41	kid
sframe	leaf 3 epoch 41	nonce
sframe	leaf 3 epoch 41	salt
sframe	leaf 65535 epoch 255	ctr
sframe	leaf 65535 epoch 255	header
sframe	leaf 65535 epoch 255	key
sframe	leaf 65535 epoch 255	kid
sframe	leaf 65535 epoch 255	nonce
sframe	leaf 65535 epoch 255	salt
sframe	receiver a device holding two leaves step 1	result
sframe	receiver a dropped epoch cannot be reinstalled 25 seconds after its drop step 2	result
sframe	receiver a dropped epoch cannot be reinstalled 25 seconds after its drop step 4	result
sframe	receiver a dropped epoch cannot be reinstalled 25 seconds after its drop step 5	result
sframe	receiver a dropped epoch installed again stays dropped step 2	result
sframe	receiver a dropped epoch installed again stays dropped step 4	result
sframe	receiver a late install more than 255 epochs old step 2	result
sframe	receiver a late install more than 255 epochs old step 3	result
sframe	receiver a member the newest epoch removed step 2	result
sframe	receiver a member the newest epoch removed step 3	result
sframe	receiver a new epoch drops one more than 255 behind it step 2	result
sframe	receiver a new epoch drops one more than 255 behind it step 3	result
sframe	receiver a resync that moves a device keeps both kids step 2	result
sframe	receiver a resync that moves a device keeps both kids step 3	result
sframe	receiver an epoch with the same low byte evicts the held one step 2	result
sframe	receiver an epoch with the same low byte evicts the held one step 3	result
sframe	receiver own kid, leaf, sender and slot bindings step 1	result
sframe	receiver own kid, leaf, sender and slot bindings step 2	result
sframe	receiver own kid, leaf, sender and slot bindings step 3	result
sframe	receiver own kid, leaf, sender and slot bindings step 4	result
sframe	receiver own kid, leaf, sender and slot bindings step 5	result
sframe	receiver replay window of 128 step 1	result
sframe	receiver replay window of 128 step 2	result
sframe	receiver replay window of 128 step 3	result
sframe	receiver replay window of 128 step 4	result
sframe	receiver replay window of 128 step 5	result
sframe	receiver replay window of 128 step 6	result
sframe	receiver unknown, held for 10 s, stale for 20 s, then unknown step 1	result
sframe	receiver unknown, held for 10 s, stale for 20 s, then unknown step 3	result
sframe	receiver unknown, held for 10 s, stale for 20 s, then unknown step 4	result
sframe	receiver unknown, held for 10 s, stale for 20 s, then unknown step 5	result
sframe	receiver unknown, held for 10 s, stale for 20 s, then unknown step 6	result
sframe	receiver unknown, held for 10 s, stale for 20 s, then unknown step 7	result
